=== 2026-05-20T11:20:01.3332567 ===
Method: GET
URI: /request-logger/log-request
QueryString: test=hello
RemoteAddr: 127.0.0.1
Headers:
  Accept=text/html,application/xhtml+xml,application/xml;q=0.9,*/*;q=0.8
  Priority=u=0, i
  User-Agent=Mozilla/5.0 (Windows NT 10.0; Win64; x64; rv:150.0) Gecko/20100101 Firefox/150.0
  Connection=keep-alive
  Sec-Fetch-Dest=document
  Sec-Fetch-Site=none
  Host=localhost:8080
  Accept-Encoding=gzip, deflate, br, zstd
  DNT=1
  Sec-Fetch-Mode=navigate
  Upgrade-Insecure-Requests=1
  Sec-GPC=1
  Sec-Fetch-User=?1
  Accept-Language=en-US,en;q=0.9
---
=== 2026-05-20T11:20:49.0612669 ===
Method: GET
URI: /request-logger/log-request
QueryString: wawa
RemoteAddr: 127.0.0.1
Headers:
  Accept=text/html,application/xhtml+xml,application/xml;q=0.9,*/*;q=0.8
  Priority=u=0, i
  User-Agent=Mozilla/5.0 (Windows NT 10.0; Win64; x64; rv:150.0) Gecko/20100101 Firefox/150.0
  Connection=keep-alive
  Sec-Fetch-Dest=document
  Sec-Fetch-Site=none
  Host=localhost:8080
  Accept-Encoding=gzip, deflate, br, zstd
  DNT=1
  Sec-Fetch-Mode=navigate
  Upgrade-Insecure-Requests=1
  Sec-GPC=1
  Sec-Fetch-User=?1
  Accept-Language=en-US,en;q=0.9
---
=== 2026-05-20T11:21:21.2556487 ===
Method: POST
URI: /request-logger/log-request
QueryString: null
RemoteAddr: 127.0.0.1
Headers:
  Expect=100-continue
  Connection=Keep-Alive
  User-Agent=Mozilla/5.0 (Windows NT; Windows NT 10.0; en-US) WindowsPowerShell/5.1.19041.6456
  Host=localhost:8080
  Content-Length=21
  Content-Type=application/x-www-form-urlencoded
Body:
Hello from PowerShell
---
